<testsuites id="" name="" tests="3" failures="0" skipped="0" errors="0" time="1.6368389999999995">
<testsuite name="api\shard-get.api.spec.ts" timestamp="2026-07-09T17:40:18.571Z" hostname="chromium" tests="3" failures="0" skipped="0" time="0.811" errors="0">
<testcase name="Sharded API - GET Operations › GET object object-1 returns 200" classname="api\shard-get.api.spec.ts" time="0.308">
</testcase>
<testcase name="Sharded API - GET Operations › GET object object-2 returns 200" classname="api\shard-get.api.spec.ts" time="0.268">
</testcase>
<testcase name="Sharded API - GET Operations › GET object object-3 returns 200" classname="api\shard-get.api.spec.ts" time="0.235">
</testcase>
</testsuite>
</testsuites>